 INFO  Starting development server...
<s> [webpack.Progress] 0% compiling
<s> [webpack.Progress] 10% building 0/0 modules 0 active 
<s> [webpack.Progress] 10% building 0/1 modules 1 active multi /home/john/Documents/DS-2025/frontend/vue-argon-design-system-master/node_modules/webpack-dev-server/client/index.js?http://192.168.1.47:8081/sockjs-node /home/john/Documents/DS-2025/frontend/vue-argon-design-system-master/node_modules/webpack/hot/dev-server.js ./src/main.js
<s> [webpack.Progress] 10% building 1/1 modules 0 active 
<s> [webpack.Progress] 10% building 1/1 modules 0 active 
<s> [webpack.Progress] 10% building 1/2 modules 1 active multi /home/john/Documents/DS-2025/frontend/vue-argon-design-system-master/node_modules/webpack-dev-server/client/index.js?http://localhost /home/john/Documents/DS-2025/frontend/vue-argon-design-system-master/node_modules/webpack/hot/dev-server.js /home/john/Documents/DS-2025/frontend/vue-argon-design-system-master/node_modules/webpack-dev-server/client/index.js?http://192.168.1.47:8081/sockjs-node ./src/main.js
<s> [webpack.Progress] 10% building 2/2 modules 0 active 
<s> [webpack.Progress] 10% building 2/3 modules 1 active /home/john/Documents/DS-2025/frontend/vue-argon-design-system-master/node_modules/webpack-dev-server/client/index.js?http://192.168.1.47:8081/sockjs-node
<s> [webpack.Progress] 10% building 2/4 modules 2 active /home/john/Documents/DS-2025/frontend/vue-argon-design-system-master/node_modules/webpack-dev-server/client/index.js?http://localhost
<s> [webpack.Progress] 10% building 2/5 modules 3 active /home/john/Documents/DS-2025/frontend/vue-argon-design-system-master/node_modules/webpack/hot/dev-server.js
<s> [webpack.Progress] 10% building 3/5 modules 2 active /home/john/Documents/DS-2025/frontend/vue-argon-design-system-master/node_modules/webpack/hot/dev-server.js
<s> [webpack.Progress] 10% building 4/5 modules 1 active /home/john/Documents/DS-2025/frontend/vue-argon-design-system-master/node_modules/webpack/hot/dev-server.js
<s> [webpack.Progress] 10% building 5/5 modules 0 active 
<s> [webpack.Progress] 10% building 5/6 modules 1 active /home/john/Documents/DS-2025/frontend/vue-argon-design-system-master/node_modules/webpack/hot sync nonrecursive /^\.\/log$/
<s> [webpack.Progress] 10% building 6/6 modules 0 active 
<s> [webpack.Progress] 10% building 6/7 modules 1 active /home/john/Documents/DS-2025/frontend/vue-argon-design-system-master/node_modules/webpack/hot/log.js
<s> [webpack.Progress] 10% building 6/8 modules 2 active /home/john/Documents/DS-2025/frontend/vue-argon-design-system-master/node_modules/webpack/hot/log-apply-result.js
<s> [webpack.Progress] 10% building 6/9 modules 3 active /home/john/Documents/DS-2025/frontend/vue-argon-design-system-master/node_modules/webpack/hot/emitter.js
<s> [webpack.Progress] 10% building 6/10 modules 4 active /home/john/Documents/DS-2025/frontend/vue-argon-design-system-master/node_modules/webpack-dev-server/client/socket.js
<s> [webpack.Progress] 10% building 6/11 modules 5 active /home/john/Documents/DS-2025/frontend/vue-argon-design-system-master/node_modules/webpack-dev-server/client/overlay.js
<s> [webpack.Progress] 10% building 6/12 modules 6 active /home/john/Documents/DS-2025/frontend/vue-argon-design-system-master/node_modules/webpack-dev-server/client/utils/log.js
<s> [webpack.Progress] 10% building 6/13 modules 7 active /home/john/Documents/DS-2025/frontend/vue-argon-design-system-master/node_modules/webpack-dev-server/client/utils/sendMessage.js
<s> [webpack.Progress] 10% building 6/14 modules 8 active /home/john/Documents/DS-2025/frontend/vue-argon-design-system-master/node_modules/webpack-dev-server/client/utils/reloadApp.js
<s> [webpack.Progress] 10% building 6/15 modules 9 active /home/john/Documents/DS-2025/frontend/vue-argon-design-system-master/node_modules/webpack-dev-server/client/utils/createSocketUrl.js
<s> [webpack.Progress] 10% building 7/15 modules 8 active /home/john/Documents/DS-2025/frontend/vue-argon-design-system-master/node_modules/webpack-dev-server/client/utils/createSocketUrl.js
<s> [webpack.Progress] 10% building 8/15 modules 7 active /home/john/Documents/DS-2025/frontend/vue-argon-design-system-master/node_modules/webpack-dev-server/client/utils/createSocketUrl.js
<s> [webpack.Progress] 11% building 9/15 modules 6 active /home/john/Documents/DS-2025/frontend/vue-argon-design-system-master/node_modules/webpack-dev-server/client/utils/createSocketUrl.js
<s> [webpack.Progress] 11% building 10/15 modules 5 active /home/john/Documents/DS-2025/frontend/vue-argon-design-system-master/node_modules/webpack-dev-server/client/utils/createSocketUrl.js
<s> [webpack.Progress] 11% building 11/15 modules 4 active /home/john/Documents/DS-2025/frontend/vue-argon-design-system-master/node_modules/webpack-dev-server/client/utils/createSocketUrl.js
<s> [webpack.Progress] 11% building 12/15 modules 3 active /home/john/Documents/DS-2025/frontend/vue-argon-design-system-master/node_modules/webpack-dev-server/client/utils/createSocketUrl.js
<s> [webpack.Progress] 11% building 13/15 modules 2 active /home/john/Documents/DS-2025/frontend/vue-argon-design-system-master/node_modules/webpack-dev-server/client/utils/createSocketUrl.js
<s> [webpack.Progress] 11% building 14/15 modules 1 active /home/john/Documents/DS-2025/frontend/vue-argon-design-system-master/node_modules/webpack-dev-server/client/utils/createSocketUrl.js
<s> [webpack.Progress] 11% building 15/15 modules 0 active 
<s> [webpack.Progress] 11% building 15/16 modules 1 active /home/john/Documents/DS-2025/frontend/vue-argon-design-system-master/node_modules/cache-loader/dist/cjs.js??ref--12-0!/home/john/Documents/DS-2025/frontend/vue-argon-design-system-master/node_modules/babel-loader/lib/index.js!/home/john/Documents/DS-2025/frontend/vue-argon-design-system-master/src/main.js
<s> [webpack.Progress] 11% building 15/17 modules 2 active /home/john/Documents/DS-2025/frontend/vue-argon-design-system-master/node_modules/webpack-dev-server/client/clients/SockJSClient.js
<s> [webpack.Progress] 11% building 15/18 modules 3 active /home/john/Documents/DS-2025/frontend/vue-argon-design-system-master/node_modules/events/events.js
<s> [webpack.Progress] 11% building 16/18 modules 2 active /home/john/Documents/DS-2025/frontend/vue-argon-design-system-master/node_modules/events/events.js
<s> [webpack.Progress] 11% building 16/19 modules 3 active /home/john/Documents/DS-2025/frontend/vue-argon-design-system-master/node_modules/webpack-dev-server/client/utils/getCurrentScriptSource.js
<s> [webpack.Progress] 12% building 17/19 modules 2 active /home/john/Documents/DS-2025/frontend/vue-argon-design-system-master/node_modules/webpack-dev-server/client/utils/getCurrentScriptSource.js
<s> [webpack.Progress] 12% building 17/20 modules 3 active /home/john/Documents/DS-2025/frontend/vue-argon-design-system-master/node_modules/url/url.js
<s> [webpack.Progress] 12% building 18/20 modules 2 active /home/john/Documents/DS-2025/frontend/vue-argon-design-system-master/node_modules/url/url.js
<s> [webpack.Progress] 12% building 19/20 modules 1 active /home/john/Documents/DS-2025/frontend/vue-argon-design-system-master/node_modules/url/url.js
<s> [webpack.Progress] 12% building 20/20 modules 0 active 
<s> [webpack.Progress] 12% building 20/21 modules 1 active /home/john/Documents/DS-2025/frontend/vue-argon-design-system-master/node_modules/webpack-dev-server/client/clients/BaseClient.js
<s> [webpack.Progress] 12% building 20/22 modules 2 active /home/john/Documents/DS-2025/frontend/vue-argon-design-system-master/node_modules/webpack-dev-server/node_modules/strip-ansi/index.js
<s> [webpack.Progress] 12% building 21/22 modules 1 active /home/john/Documents/DS-2025/frontend/vue-argon-design-system-master/node_modules/webpack-dev-server/node_modules/strip-ansi/index.js
<s> [webpack.Progress] 12% building 22/22 modules 0 active 
<s> [webpack.Progress] 40% building 22/22 modules 0 active 
<s> [webpack.Progress] 40% building 22/23 modules 1 active /home/john/Documents/DS-2025/frontend/vue-argon-design-system-master/node_modules/ansi-html-community/index.js
<s> [webpack.Progress] 40% building 22/24 modules 2 active /home/john/Documents/DS-2025/frontend/vue-argon-design-system-master/node_modules/html-entities/lib/index.js
<s> [webpack.Progress] 40% building 22/25 modules 3 active /home/john/Documents/DS-2025/frontend/vue-argon-design-system-master/node_modules/node-libs-browser/node_modules/punycode/punycode.js
<s> [webpack.Progress] 40% building 23/25 modules 2 active /home/john/Documents/DS-2025/frontend/vue-argon-design-system-master/node_modules/node-libs-browser/node_modules/punycode/punycode.js
<s> [webpack.Progress] 40% building 23/26 modules 3 active /home/john/Documents/DS-2025/frontend/vue-argon-design-system-master/node_modules/loglevel/lib/loglevel.js
<s> [webpack.Progress] 40% building 24/26 modules 2 active /home/john/Documents/DS-2025/frontend/vue-argon-design-system-master/node_modules/loglevel/lib/loglevel.js
<s> [webpack.Progress] 40% building 25/26 modules 1 active /home/john/Documents/DS-2025/frontend/vue-argon-design-system-master/node_modules/loglevel/lib/loglevel.js
<s> [webpack.Progress] 40% building 25/27 modules 2 active /home/john/Documents/DS-2025/frontend/vue-argon-design-system-master/node_modules/webpack/buildin/module.js
<s> [webpack.Progress] 40% building 25/28 modules 3 active /home/john/Documents/DS-2025/frontend/vue-argon-design-system-master/node_modules/webpack/buildin/global.js
<s> [webpack.Progress] 40% building 26/28 modules 2 active /home/john/Documents/DS-2025/frontend/vue-argon-design-system-master/node_modules/webpack/buildin/global.js
<s> [webpack.Progress] 40% building 27/28 modules 1 active /home/john/Documents/DS-2025/frontend/vue-argon-design-system-master/node_modules/loglevel/lib/loglevel.js
<s> [webpack.Progress] 40% building 27/29 modules 2 active /home/john/Documents/DS-2025/frontend/vue-argon-design-system-master/node_modules/sockjs-client/dist/sockjs.js
<s> [webpack.Progress] 40% building 28/29 modules 1 active /home/john/Documents/DS-2025/frontend/vue-argon-design-system-master/node_modules/sockjs-client/dist/sockjs.js
<s> [webpack.Progress] 40% building 29/29 modules 0 active 
<s> [webpack.Progress] 40% building 29/30 modules 1 active /home/john/Documents/DS-2025/frontend/vue-argon-design-system-master/node_modules/html-entities/lib/xml-entities.js
<s> [webpack.Progress] 40% building 29/31 modules 2 active /home/john/Documents/DS-2025/frontend/vue-argon-design-system-master/node_modules/html-entities/lib/html4-entities.js
<s> [webpack.Progress] 40% building 29/32 modules 3 active /home/john/Documents/DS-2025/frontend/vue-argon-design-system-master/node_modules/html-entities/lib/html5-entities.js
<s> [webpack.Progress] 40% building 30/32 modules 2 active /home/john/Documents/DS-2025/frontend/vue-argon-design-system-master/node_modules/html-entities/lib/html5-entities.js
<s> [webpack.Progress] 40% building 31/32 modules 1 active /home/john/Documents/DS-2025/frontend/vue-argon-design-system-master/node_modules/html-entities/lib/html5-entities.js
<s> [webpack.Progress] 40% building 32/32 modules 0 active 
<s> [webpack.Progress] 40% building 32/33 modules 1 active /home/john/Documents/DS-2025/frontend/vue-argon-design-system-master/node_modules/url/node_modules/qs/lib/index.js
<s> [webpack.Progress] 40% building 33/33 modules 0 active 
<s> [webpack.Progress] 40% building 33/34 modules 1 active /home/john/Documents/DS-2025/frontend/vue-argon-design-system-master/node_modules/html-entities/lib/surrogate-pairs.js
<s> [webpack.Progress] 40% building 33/35 modules 2 active /home/john/Documents/DS-2025/frontend/vue-argon-design-system-master/node_modules/webpack-dev-server/node_modules/ansi-regex/index.js
<s> [webpack.Progress] 40% building 34/35 modules 1 active /home/john/Documents/DS-2025/frontend/vue-argon-design-system-master/node_modules/webpack-dev-server/node_modules/ansi-regex/index.js
<s> [webpack.Progress] 40% building 35/35 modules 0 active 
<s> [webpack.Progress] 40% building 35/36 modules 1 active /home/john/Documents/DS-2025/frontend/vue-argon-design-system-master/node_modules/url/node_modules/qs/lib/stringify.js
<s> [webpack.Progress] 40% building 35/37 modules 2 active /home/john/Documents/DS-2025/frontend/vue-argon-design-system-master/node_modules/url/node_modules/qs/lib/formats.js
<s> [webpack.Progress] 40% building 35/38 modules 3 active /home/john/Documents/DS-2025/frontend/vue-argon-design-system-master/node_modules/url/node_modules/qs/lib/parse.js
<s> [webpack.Progress] 40% building 36/38 modules 2 active /home/john/Documents/DS-2025/frontend/vue-argon-design-system-master/node_modules/url/node_modules/qs/lib/parse.js
<s> [webpack.Progress] 40% building 37/38 modules 1 active /home/john/Documents/DS-2025/frontend/vue-argon-design-system-master/node_modules/url/node_modules/qs/lib/parse.js
<s> [webpack.Progress] 40% building 38/38 modules 0 active 
<s> [webpack.Progress] 40% building 38/39 modules 1 active /home/john/Documents/DS-2025/frontend/vue-argon-design-system-master/node_modules/url/node_modules/qs/lib/utils.js
<s> [webpack.Progress] 40% building 39/39 modules 0 active 
<s> [webpack.Progress] 40% building 39/40 modules 1 active /home/john/Documents/DS-2025/frontend/vue-argon-design-system-master/node_modules/side-channel/index.js
<s> [webpack.Progress] 40% building 40/40 modules 0 active 
<s> [webpack.Progress] 40% building 40/41 modules 1 active /home/john/Documents/DS-2025/frontend/vue-argon-design-system-master/node_modules/es-errors/type.js
<s> [webpack.Progress] 40% building 41/41 modules 0 active 
<s> [webpack.Progress] 40% building 41/42 modules 1 active /home/john/Documents/DS-2025/frontend/vue-argon-design-system-master/node_modules/object-inspect/index.js
<s> [webpack.Progress] 40% building 41/43 modules 2 active /home/john/Documents/DS-2025/frontend/vue-argon-design-system-master/node_modules/side-channel-list/index.js
<s> [webpack.Progress] 40% building 41/44 modules 3 active /home/john/Documents/DS-2025/frontend/vue-argon-design-system-master/node_modules/side-channel-map/index.js
<s> [webpack.Progress] 40% building 41/45 modules 4 active /home/john/Documents/DS-2025/frontend/vue-argon-design-system-master/node_modules/side-channel-weakmap/index.js
<s> [webpack.Progress] 40% building 42/45 modules 3 active /home/john/Documents/DS-2025/frontend/vue-argon-design-system-master/node_modules/side-channel-weakmap/index.js
<s> [webpack.Progress] 40% building 43/45 modules 2 active /home/john/Documents/DS-2025/frontend/vue-argon-design-system-master/node_modules/side-channel-weakmap/index.js
<s> [webpack.Progress] 40% building 44/45 modules 1 active /home/john/Documents/DS-2025/frontend/vue-argon-design-system-master/node_modules/side-channel-list/index.js
<s> [webpack.Progress] 40% building 45/45 modules 0 active 
<s> [webpack.Progress] 40% building 45/46 modules 1 active ignored /home/john/Documents/DS-2025/frontend/vue-argon-design-system-master/node_modules/object-inspect ./util.inspect
<s> [webpack.Progress] 40% building 46/46 modules 0 active 
<s> [webpack.Progress] 40% building 46/47 modules 1 active /home/john/Documents/DS-2025/frontend/vue-argon-design-system-master/node_modules/get-intrinsic/index.js
<s> [webpack.Progress] 40% building 46/48 modules 2 active /home/john/Documents/DS-2025/frontend/vue-argon-design-system-master/node_modules/call-bound/index.js
<s> [webpack.Progress] 40% building 47/48 modules 1 active /home/john/Documents/DS-2025/frontend/vue-argon-design-system-master/node_modules/call-bound/index.js
<s> [webpack.Progress] 40% building 48/48 modules 0 active 
<s> [webpack.Progress] 40% building 48/49 modules 1 active /home/john/Documents/DS-2025/frontend/vue-argon-design-system-master/node_modules/es-errors/eval.js
<s> [webpack.Progress] 40% building 48/50 modules 2 active /home/john/Documents/DS-2025/frontend/vue-argon-design-system-master/node_modules/es-errors/syntax.js
<s> [webpack.Progress] 40% building 48/51 modules 3 active /home/john/Documents/DS-2025/frontend/vue-argon-design-system-master/node_modules/es-errors/range.js
<s> [webpack.Progress] 40% building 48/52 modules 4 active /home/john/Documents/DS-2025/frontend/vue-argon-design-system-master/node_modules/es-errors/uri.js
<s> [webpack.Progress] 40% building 48/53 modules 5 active /home/john/Documents/DS-2025/frontend/vue-argon-design-system-master/node_modules/es-errors/ref.js
<s> [webpack.Progress] 40% building 49/53 modules 4 active /home/john/Documents/DS-2025/frontend/vue-argon-design-system-master/node_modules/es-errors/ref.js
<s> [webpack.Progress] 40% building 50/53 modules 3 active /home/john/Documents/DS-2025/frontend/vue-argon-design-system-master/node_modules/es-errors/ref.js
<s> [webpack.Progress] 40% building 51/53 modules 2 active /home/john/Documents/DS-2025/frontend/vue-argon-design-system-master/node_modules/es-errors/ref.js
<s> [webpack.Progress] 40% building 52/53 modules 1 active /home/john/Documents/DS-2025/frontend/vue-argon-design-system-master/node_modules/es-errors/ref.js
<s> [webpack.Progress] 40% building 52/54 modules 2 active /home/john/Documents/DS-2025/frontend/vue-argon-design-system-master/node_modules/get-proto/Reflect.getPrototypeOf.js
<s> [webpack.Progress] 40% building 52/55 modules 3 active /home/john/Documents/DS-2025/frontend/vue-argon-design-system-master/node_modules/get-proto/Object.getPrototypeOf.js
<s> [webpack.Progress] 40% building 52/56 modules 4 active /home/john/Documents/DS-2025/frontend/vue-argon-design-system-master/node_modules/call-bind-apply-helpers/functionApply.js
<s> [webpack.Progress] 40% building 52/57 modules 5 active /home/john/Documents/DS-2025/frontend/vue-argon-design-system-master/node_modules/call-bind-apply-helpers/functionCall.js
<s> [webpack.Progress] 40% building 53/57 modules 4 active /home/john/Documents/DS-2025/frontend/vue-argon-design-system-master/node_modules/call-bind-apply-helpers/functionCall.js
<s> [webpack.Progress] 40% building 53/58 modules 5 active /home/john/Documents/DS-2025/frontend/vue-argon-design-system-master/node_modules/math-intrinsics/abs.js
<s> [webpack.Progress] 40% building 53/59 modules 6 active /home/john/Documents/DS-2025/frontend/vue-argon-design-system-master/node_modules/math-intrinsics/floor.js
<s> [webpack.Progress] 40% building 53/60 modules 7 active /home/john/Documents/DS-2025/frontend/vue-argon-design-system-master/node_modules/math-intrinsics/max.js
<s> [webpack.Progress] 40% building 53/61 modules 8 active /home/john/Documents/DS-2025/frontend/vue-argon-design-system-master/node_modules/math-intrinsics/min.js
<s> [webpack.Progress] 40% building 53/62 modules 9 active /home/john/Documents/DS-2025/frontend/vue-argon-design-system-master/node_modules/math-intrinsics/pow.js
<s> [webpack.Progress] 40% building 53/63 modules 10 active /home/john/Documents/DS-2025/frontend/vue-argon-design-system-master/node_modules/math-intrinsics/round.js
<s> [webpack.Progress] 40% building 53/64 modules 11 active /home/john/Documents/DS-2025/frontend/vue-argon-design-system-master/node_modules/math-intrinsics/sign.js
<s> [webpack.Progress] 40% building 54/64 modules 10 active /home/john/Documents/DS-2025/frontend/vue-argon-design-system-master/node_modules/math-intrinsics/sign.js
<s> [webpack.Progress] 40% building 55/64 modules 9 active /home/john/Documents/DS-2025/frontend/vue-argon-design-system-master/node_modules/math-intrinsics/sign.js
<s> [webpack.Progress] 40% building 56/64 modules 8 active /home/john/Documents/DS-2025/frontend/vue-argon-design-system-master/node_modules/math-intrinsics/sign.js
<s> [webpack.Progress] 40% building 57/64 modules 7 active /home/john/Documents/DS-2025/frontend/vue-argon-design-system-master/node_modules/math-intrinsics/sign.js
<s> [webpack.Progress] 40% building 58/64 modules 6 active /home/john/Documents/DS-2025/frontend/vue-argon-design-system-master/node_modules/math-intrinsics/sign.js
<s> [webpack.Progress] 40% building 59/64 modules 5 active /home/john/Documents/DS-2025/frontend/vue-argon-design-system-master/node_modules/math-intrinsics/sign.js
<s> [webpack.Progress] 40% building 60/64 modules 4 active /home/john/Documents/DS-2025/frontend/vue-argon-design-system-master/node_modules/math-intrinsics/sign.js
<s> [webpack.Progress] 40% building 61/64 modules 3 active /home/john/Documents/DS-2025/frontend/vue-argon-design-system-master/node_modules/math-intrinsics/sign.js
<s> [webpack.Progress] 40% building 62/64 modules 2 active /home/john/Documents/DS-2025/frontend/vue-argon-design-system-master/node_modules/math-intrinsics/sign.js
<s> [webpack.Progress] 40% building 63/64 modules 1 active /home/john/Documents/DS-2025/frontend/vue-argon-design-system-master/node_modules/math-intrinsics/sign.js
<s> [webpack.Progress] 40% building 64/64 modules 0 active 
<s> [webpack.Progress] 40% building 64/65 modules 1 active /home/john/Documents/DS-2025/frontend/vue-argon-design-system-master/node_modules/es-errors/index.js
<s> [webpack.Progress] 40% building 65/65 modules 0 active 
<s> [webpack.Progress] 40% building 65/66 modules 1 active /home/john/Documents/DS-2025/frontend/vue-argon-design-system-master/node_modules/get-proto/index.js
<s> [webpack.Progress] 40% building 65/67 modules 2 active /home/john/Documents/DS-2025/frontend/vue-argon-design-system-master/node_modules/call-bind-apply-helpers/index.js
<s> [webpack.Progress] 40% building 65/68 modules 3 active /home/john/Documents/DS-2025/frontend/vue-argon-design-system-master/node_modules/es-object-atoms/index.js
<s> [webpack.Progress] 40% building 65/69 modules 4 active /home/john/Documents/DS-2025/frontend/vue-argon-design-system-master/node_modules/gopd/index.js
<s> [webpack.Progress] 40% building 65/70 modules 5 active /home/john/Documents/DS-2025/frontend/vue-argon-design-system-master/node_modules/es-define-property/index.js
<s> [webpack.Progress] 40% building 65/71 modules 6 active /home/john/Documents/DS-2025/frontend/vue-argon-design-system-master/node_modules/hasown/index.js
<s> [webpack.Progress] 40% building 65/72 modules 7 active /home/john/Documents/DS-2025/frontend/vue-argon-design-system-master/node_modules/has-symbols/index.js
<s> [webpack.Progress] 40% building 65/73 modules 8 active /home/john/Documents/DS-2025/frontend/vue-argon-design-system-master/node_modules/math-intrinsics/isNaN.js
<s> [webpack.Progress] 40% building 66/73 modules 7 active /home/john/Documents/DS-2025/frontend/vue-argon-design-system-master/node_modules/math-intrinsics/isNaN.js
<s> [webpack.Progress] 40% building 67/73 modules 6 active /home/john/Documents/DS-2025/frontend/vue-argon-design-system-master/node_modules/math-intrinsics/isNaN.js
<s> [webpack.Progress] 40% building 68/73 modules 5 active /home/john/Documents/DS-2025/frontend/vue-argon-design-system-master/node_modules/math-intrinsics/isNaN.js
<s> [webpack.Progress] 40% building 69/73 modules 4 active /home/john/Documents/DS-2025/frontend/vue-argon-design-system-master/node_modules/math-intrinsics/isNaN.js
<s> [webpack.Progress] 40% building 70/73 modules 3 active /home/john/Documents/DS-2025/frontend/vue-argon-design-system-master/node_modules/math-intrinsics/isNaN.js
<s> [webpack.Progress] 40% building 70/74 modules 4 active /home/john/Documents/DS-2025/frontend/vue-argon-design-system-master/node_modules/function-bind/index.js
<s> [webpack.Progress] 40% building 71/74 modules 3 active /home/john/Documents/DS-2025/frontend/vue-argon-design-system-master/node_modules/function-bind/index.js
<s> [webpack.Progress] 40% building 72/74 modules 2 active /home/john/Documents/DS-2025/frontend/vue-argon-design-system-master/node_modules/function-bind/index.js
<s> [webpack.Progress] 40% building 73/74 modules 1 active /home/john/Documents/DS-2025/frontend/vue-argon-design-system-master/node_modules/function-bind/index.js
<s> [webpack.Progress] 40% building 74/74 modules 0 active 
<s> [webpack.Progress] 40% building 74/75 modules 1 active /home/john/Documents/DS-2025/frontend/vue-argon-design-system-master/node_modules/call-bind-apply-helpers/actualApply.js
<s> [webpack.Progress] 40% building 74/76 modules 2 active /home/john/Documents/DS-2025/frontend/vue-argon-design-system-master/node_modules/gopd/gOPD.js
<s> [webpack.Progress] 40% building 74/77 modules 3 active /home/john/Documents/DS-2025/frontend/vue-argon-design-system-master/node_modules/has-symbols/shams.js
<s> [webpack.Progress] 40% building 75/77 modules 2 active /home/john/Documents/DS-2025/frontend/vue-argon-design-system-master/node_modules/has-symbols/shams.js
<s> [webpack.Progress] 40% building 76/77 modules 1 active /home/john/Documents/DS-2025/frontend/vue-argon-design-system-master/node_modules/has-symbols/shams.js
<s> [webpack.Progress] 40% building 76/78 modules 2 active /home/john/Documents/DS-2025/frontend/vue-argon-design-system-master/node_modules/function-bind/implementation.js
<s> [webpack.Progress] 40% building 76/79 modules 3 active /home/john/Documents/DS-2025/frontend/vue-argon-design-system-master/node_modules/dunder-proto/get.js
<s> [webpack.Progress] 40% building 77/79 modules 2 active /home/john/Documents/DS-2025/frontend/vue-argon-design-system-master/node_modules/dunder-proto/get.js
<s> [webpack.Progress] 40% building 78/79 modules 1 active /home/john/Documents/DS-2025/frontend/vue-argon-design-system-master/node_modules/dunder-proto/get.js
<s> [webpack.Progress] 40% building 79/79 modules 0 active 
<s> [webpack.Progress] 40% building 79/80 modules 1 active /home/john/Documents/DS-2025/frontend/vue-argon-design-system-master/node_modules/call-bind-apply-helpers/reflectApply.js
<s> [webpack.Progress] 40% building 80/80 modules 0 active 
<s> [webpack.Progress] 70% building 80/80 modules 0 active 
<s> [webpack.Progress] 70% finish module graph
<s> [webpack.Progress] 70% finish module graph FlagDependencyExportsPlugin
<s> [webpack.Progress] 70% sealing
<s> [webpack.Progress] 70% sealing WarnCaseSensitiveModulesPlugin
<s> [webpack.Progress] 72% basic dependencies optimization
<s> [webpack.Progress] 72% dependencies optimization
<s> [webpack.Progress] 73% advanced dependencies optimization
<s> [webpack.Progress] 73% after dependencies optimization
<s> [webpack.Progress] 71% chunk graph
<s> [webpack.Progress] 71% after chunk graph
<s> [webpack.Progress] 71% after chunk graph WebAssemblyModulesPlugin
<s> [webpack.Progress] 74% optimizing
<s> [webpack.Progress] 74% basic module optimization
<s> [webpack.Progress] 75% module optimization
<s> [webpack.Progress] 75% advanced module optimization
<s> [webpack.Progress] 76% after module optimization
<s> [webpack.Progress] 76% basic chunk optimization
<s> [webpack.Progress] 76% basic chunk optimization EnsureChunkConditionsPlugin
<s> [webpack.Progress] 76% basic chunk optimization RemoveEmptyChunksPlugin
<s> [webpack.Progress] 76% basic chunk optimization MergeDuplicateChunksPlugin
<s> [webpack.Progress] 77% chunk optimization
<s> [webpack.Progress] 77% advanced chunk optimization
<s> [webpack.Progress] 77% advanced chunk optimization SplitChunksPlugin
<s> [webpack.Progress] 77% advanced chunk optimization LimitChunkCountPlugin
<s> [webpack.Progress] 77% advanced chunk optimization RemoveEmptyChunksPlugin
<s> [webpack.Progress] 77% after chunk optimization
<s> [webpack.Progress] 78% module and chunk tree optimization
<s> [webpack.Progress] 78% after module and chunk tree optimization
<s> [webpack.Progress] 79% basic chunk modules optimization
<s> [webpack.Progress] 80% chunk modules optimization
<s> [webpack.Progress] 80% advanced chunk modules optimization
<s> [webpack.Progress] 81% after chunk modules optimization
<s> [webpack.Progress] 81% module reviving
<s> [webpack.Progress] 81% module reviving RecordIdsPlugin
<s> [webpack.Progress] 82% module order optimization
<s> [webpack.Progress] 82% advanced module order optimization
<s> [webpack.Progress] 83% before module ids
<s> [webpack.Progress] 83% before module ids NamedModulesPlugin
<s> [webpack.Progress] 83% module ids
<s> [webpack.Progress] 84% module id optimization
<s> [webpack.Progress] 84% module id optimization
<s> [webpack.Progress] 85% chunk reviving
<s> [webpack.Progress] 85% chunk reviving RecordIdsPlugin
<s> [webpack.Progress] 85% chunk order optimization
<s> [webpack.Progress] 85% chunk order optimization OccurrenceOrderChunkIdsPlugin
<s> [webpack.Progress] 86% before chunk ids
<s> [webpack.Progress] 86% before chunk ids NamedChunksPlugin
<s> [webpack.Progress] 86% chunk id optimization
<s> [webpack.Progress] 87% after chunk id optimization
<s> [webpack.Progress] 87% record modules
<s> [webpack.Progress] 87% record modules RecordIdsPlugin
<s> [webpack.Progress] 87% record chunks
<s> [webpack.Progress] 87% record chunks RecordIdsPlugin
<s> [webpack.Progress] 88% hashing
<s> [webpack.Progress] 88% after hashing
<s> [webpack.Progress] 88% after hashing HotModuleReplacementPlugin
<s> [webpack.Progress] 89% record hash
<s> [webpack.Progress] 89% module assets processing
<s> [webpack.Progress] 90% chunk assets processing
<s> [webpack.Progress] 90% additional chunk assets processing
<s> [webpack.Progress] 90% additional chunk assets processing HotModuleReplacementPlugin
<s> [webpack.Progress] 91% recording
<s> [webpack.Progress] 91% recording HotModuleReplacementPlugin
<s> [webpack.Progress] 92% additional asset processing
<s> [webpack.Progress] 92% chunk asset optimization
<s> [webpack.Progress] 93% after chunk asset optimization
<s> [webpack.Progress] 93% asset optimization
<s> [webpack.Progress] 94% after asset optimization
<s> [webpack.Progress] 94% after seal
<s> [webpack.Progress] 95% emitting
<s> [webpack.Progress] 95% emitting HtmlWebpackPlugin
<s> [webpack.Progress] 95% emitting CopyPlugin
<s> [webpack.Progress] 98% after emitting
<s> [webpack.Progress] 98% after emitting CopyPlugin
 ERROR  Failed to compile with 1 error9:46:38 PM

 error  in ./src/main.js

Syntax Error: Error: Could not resolve "@vue/cli-plugin-babel/preset" in file /home/john/Documents/DS-2025/frontend/vue-argon-design-system-master.
    at loadPreset.next (<anonymous>)
    at createDescriptor.next (<anonymous>)
    at Array.forEach (<anonymous>)
    at Generator.next (<anonymous>)
    at createDescriptors.next (<anonymous>)
    at createPresetDescriptors.next (<anonymous>)
    at Generator.next (<anonymous>)
    at mergeChainOpts.next (<anonymous>)
    at chainWalker.next (<anonymous>)
    at loadFileChain.next (<anonymous>)
    at buildRootChain.next (<anonymous>)
    at loadPrivatePartialConfig.next (<anonymous>)
    at loadPartialConfig.next (<anonymous>)


 @ multi (webpack)-dev-server/client?http://192.168.1.47:8081/sockjs-node (webpack)/hot/dev-server.js ./src/main.js

<s> [webpack.Progress] 100% 

